2026-09-08 00:26:54.431 +01:00 [INF] User profile is available. Using 'C:\Users\egemb\AppData\Local\ASP.NET\DataProtection-Keys' as key repository and Windows DPAPI to encrypt keys at rest.
2026-09-08 00:26:54.628 +01:00 [INF] Now listening on: http://localhost:5043
2026-09-08 00:26:54.631 +01:00 [INF] Application started. Press Ctrl+C to shut down.
2026-09-08 00:26:54.631 +01:00 [INF] Hosting environment: Development
2026-09-08 00:26:54.631 +01:00 [INF] Content root path: C:\Users\egemb\DevLog\src\DevLog.Api
2026-09-08 00:27:05.564 +01:00 [INF] Request starting HTTP/1.1 GET http://localhost:5043/ - null null
2026-09-08 00:27:06.042 +01:00 [WRN] Failed to determine the https port for redirect.
2026-09-08 00:27:06.662 +01:00 [INF] Request finished HTTP/1.1 GET http://localhost:5043/ - 404 null null 1102.0419ms
2026-09-08 00:27:06.734 +01:00 [INF] Request reached the end of the middleware pipeline without being handled by application code. Request path: GET http://localhost:5043/, Response status code: 404
2026-09-08 00:27:14.309 +01:00 [INF] Request starting HTTP/1.1 GET http://localhost:5043/swagger - null null
2026-09-08 00:27:14.323 +01:00 [INF] Request finished HTTP/1.1 GET http://localhost:5043/swagger - 301 null null 15.7073ms
2026-09-08 00:27:14.358 +01:00 [INF] Request starting HTTP/1.1 GET http://localhost:5043/swagger/index.html - null null
2026-09-08 00:27:14.519 +01:00 [INF] Request finished HTTP/1.1 GET http://localhost:5043/swagger/index.html - 200 null text/html;charset=utf-8 161.8672ms
2026-09-08 00:27:14.627 +01:00 [INF] Request starting HTTP/1.1 GET http://localhost:5043/swagger/index.css - null null
2026-09-08 00:27:14.627 +01:00 [INF] Request starting HTTP/1.1 GET http://localhost:5043/swagger/swagger-ui.css - null null
2026-09-08 00:27:14.633 +01:00 [INF] Request starting HTTP/1.1 GET http://localhost:5043/swagger/swagger-ui-bundle.js - null null
2026-09-08 00:27:14.652 +01:00 [INF] Request starting HTTP/1.1 GET http://localhost:5043/swagger/swagger-ui-standalone-preset.js - null null
2026-09-08 00:27:14.683 +01:00 [INF] Request starting HTTP/1.1 GET http://localhost:5043/_framework/aspnetcore-browser-refresh.js - null null
2026-09-08 00:27:14.690 +01:00 [INF] Request finished HTTP/1.1 GET http://localhost:5043/_framework/aspnetcore-browser-refresh.js - 200 16481 application/javascript; charset=utf-8 7.507ms
2026-09-08 00:27:14.693 +01:00 [INF] Request starting HTTP/1.1 GET http://localhost:5043/swagger/index.js - null null
2026-09-08 00:27:14.695 +01:00 [INF] Request finished HTTP/1.1 GET http://localhost:5043/swagger/index.js - 200 null application/javascript;charset=utf-8 1.647ms
2026-09-08 00:27:14.696 +01:00 [INF] Sending file. Request path: '/index.css'. Physical path: 'N/A'
2026-09-08 00:27:14.696 +01:00 [INF] Request finished HTTP/1.1 GET http://localhost:5043/swagger/index.css - 200 202 text/css 69.2526ms
2026-09-08 00:27:14.709 +01:00 [INF] Sending file. Request path: '/swagger-ui-standalone-preset.js'. Physical path: 'N/A'
2026-09-08 00:27:14.709 +01:00 [INF] Sending file. Request path: '/swagger-ui.css'. Physical path: 'N/A'
2026-09-08 00:27:14.725 +01:00 [INF] Request finished HTTP/1.1 GET http://localhost:5043/swagger/swagger-ui-standalone-preset.js - 200 230293 text/javascript 73.0174ms
2026-09-08 00:27:14.735 +01:00 [INF] Request finished HTTP/1.1 GET http://localhost:5043/swagger/swagger-ui.css - 200 152034 text/css 107.7194ms
2026-09-08 00:27:14.787 +01:00 [INF] Sending file. Request path: '/swagger-ui-bundle.js'. Physical path: 'N/A'
2026-09-08 00:27:14.788 +01:00 [INF] Request finished HTTP/1.1 GET http://localhost:5043/swagger/swagger-ui-bundle.js - 200 1452753 text/javascript 154.3318ms
2026-09-08 00:27:17.667 +01:00 [INF] Request starting HTTP/1.1 GET http://localhost:5043/swagger/v1/swagger.json - null null
2026-09-08 00:27:17.834 +01:00 [INF] Request starting HTTP/1.1 GET http://localhost:5043/swagger/favicon-32x32.png - null null
2026-09-08 00:27:17.835 +01:00 [INF] Sending file. Request path: '/favicon-32x32.png'. Physical path: 'N/A'
2026-09-08 00:27:17.835 +01:00 [INF] Request finished HTTP/1.1 GET http://localhost:5043/swagger/favicon-32x32.png - 200 628 image/png 0.9075ms
2026-09-08 00:27:19.684 +01:00 [INF] Request finished HTTP/1.1 GET http://localhost:5043/swagger/v1/swagger.json - 200 null application/json;charset=utf-8 2017.2548ms
2026-09-08 00:28:01.074 +01:00 [INF] Request starting HTTP/1.1 POST http://localhost:5043/api/v1/auth/login - application/json 90
2026-09-08 00:28:01.097 +01:00 [INF] Executing endpoint 'Devlog.Api.Controllers.AuthController.Login (Devlog.Api)'
2026-09-08 00:28:01.144 +01:00 [INF] Route matched with {action = "Login", controller = "Auth"}. Executing controller action with signature System.Threading.Tasks.Task`1[Microsoft.AspNetCore.Mvc.IActionResult] Login(DevLog.Application.Features.Auth.Commands.LoginUser.LoginUserCommand, System.Threading.CancellationToken) on controller Devlog.Api.Controllers.AuthController (Devlog.Api).
2026-09-08 00:28:01.160 +01:00 [WRN] You do not have a valid license key for the Lucky Penny software MediatR. This is allowed for development and testing scenarios. If you are running in production you are required to have a licensed version. Please visit https://luckypennysoftware.com to obtain a valid license.
2026-09-08 00:28:04.708 +01:00 [INF] Executed DbCommand (72ms) [Parameters=[@__email_0='?'], CommandType='"Text"', CommandTimeout='30']
SELECT u."Id", u."CreatedAt", u."Email", u."IsDisabled", u."LastUpdatedAt", u."Name", u."PasswordHash", u."RefreshToken", u."RefreshTokenExpiresAt"
FROM "Users" AS u
WHERE u."Email" = @__email_0
LIMIT 1
2026-09-08 00:28:05.529 +01:00 [INF] Executed DbCommand (17ms) [Parameters=[@p3='?' (DbType = Guid), @p0='?' (DbType = DateTime), @p1='?', @p2='?' (DbType = DateTime)], CommandType='"Text"', CommandTimeout='30']
UPDATE "Users" SET "LastUpdatedAt" = @p0, "RefreshToken" = @p1, "RefreshTokenExpiresAt" = @p2
WHERE "Id" = @p3;
2026-09-08 00:28:05.540 +01:00 [INF] Login successful : Khayceejones@gmail.com
2026-09-08 00:28:05.546 +01:00 [INF] Executing OkObjectResult, writing value of type 'DevLog.Shared.Responses.ApiResponse`1[[DevLog.Application.DTOs.LoginDto, DevLog.Application, Version=1.0.0.0, Culture=neutral, PublicKeyToken=null]]'.
2026-09-08 00:28:05.589 +01:00 [INF] Executed action Devlog.Api.Controllers.AuthController.Login (Devlog.Api) in 4439.6566ms
2026-09-08 00:28:05.589 +01:00 [INF] Executed endpoint 'Devlog.Api.Controllers.AuthController.Login (Devlog.Api)'
2026-09-08 00:28:05.596 +01:00 [INF] Request finished HTTP/1.1 POST http://localhost:5043/api/v1/auth/login - 200 null application/json; charset=utf-8 4522.2571ms
2026-09-08 00:28:15.735 +01:00 [INF] Request starting HTTP/1.1 POST http://localhost:5043/api/v1/auth/login - application/json 90
2026-09-08 00:28:15.741 +01:00 [INF] Executing endpoint 'Devlog.Api.Controllers.AuthController.Login (Devlog.Api)'
2026-09-08 00:28:15.742 +01:00 [INF] Route matched with {action = "Login", controller = "Auth"}. Executing controller action with signature System.Threading.Tasks.Task`1[Microsoft.AspNetCore.Mvc.IActionResult] Login(DevLog.Application.Features.Auth.Commands.LoginUser.LoginUserCommand, System.Threading.CancellationToken) on controller Devlog.Api.Controllers.AuthController (Devlog.Api).
2026-09-08 00:28:15.779 +01:00 [INF] Executed DbCommand (1ms) [Parameters=[@__email_0='?'], CommandType='"Text"', CommandTimeout='30']
SELECT u."Id", u."CreatedAt", u."Email", u."IsDisabled", u."LastUpdatedAt", u."Name", u."PasswordHash", u."RefreshToken", u."RefreshTokenExpiresAt"
FROM "Users" AS u
WHERE u."Email" = @__email_0
LIMIT 1
2026-09-08 00:28:16.110 +01:00 [INF] Executed DbCommand (3ms) [Parameters=[@p3='?' (DbType = Guid), @p0='?' (DbType = DateTime), @p1='?', @p2='?' (DbType = DateTime)], CommandType='"Text"', CommandTimeout='30']
UPDATE "Users" SET "LastUpdatedAt" = @p0, "RefreshToken" = @p1, "RefreshTokenExpiresAt" = @p2
WHERE "Id" = @p3;
2026-09-08 00:28:16.111 +01:00 [INF] Login successful : Khayceejones@gmail.com
2026-09-08 00:28:16.111 +01:00 [INF] Executing OkObjectResult, writing value of type 'DevLog.Shared.Responses.ApiResponse`1[[DevLog.Application.DTOs.LoginDto, DevLog.Application, Version=1.0.0.0, Culture=neutral, PublicKeyToken=null]]'.
2026-09-08 00:28:16.112 +01:00 [INF] Executed action Devlog.Api.Controllers.AuthController.Login (Devlog.Api) in 369.6523ms
2026-09-08 00:28:16.112 +01:00 [INF] Executed endpoint 'Devlog.Api.Controllers.AuthController.Login (Devlog.Api)'
2026-09-08 00:28:16.113 +01:00 [INF] Request finished HTTP/1.1 POST http://localhost:5043/api/v1/auth/login - 200 null application/json; charset=utf-8 377.7336ms
2026-09-08 00:28:22.951 +01:00 [INF] Request starting HTTP/1.1 POST http://localhost:5043/api/v1/auth/login - application/json 90
2026-09-08 00:28:22.952 +01:00 [INF] Executing endpoint 'Devlog.Api.Controllers.AuthController.Login (Devlog.Api)'
2026-09-08 00:28:22.952 +01:00 [INF] Route matched with {action = "Login", controller = "Auth"}. Executing controller action with signature System.Threading.Tasks.Task`1[Microsoft.AspNetCore.Mvc.IActionResult] Login(DevLog.Application.Features.Auth.Commands.LoginUser.LoginUserCommand, System.Threading.CancellationToken) on controller Devlog.Api.Controllers.AuthController (Devlog.Api).
2026-09-08 00:28:23.044 +01:00 [INF] Executed DbCommand (1ms) [Parameters=[@__email_0='?'], CommandType='"Text"', CommandTimeout='30']
SELECT u."Id", u."CreatedAt", u."Email", u."IsDisabled", u."LastUpdatedAt", u."Name", u."PasswordHash", u."RefreshToken", u."RefreshTokenExpiresAt"
FROM "Users" AS u
WHERE u."Email" = @__email_0
LIMIT 1
2026-09-08 00:28:23.360 +01:00 [INF] Executed DbCommand (3ms) [Parameters=[@p3='?' (DbType = Guid), @p0='?' (DbType = DateTime), @p1='?', @p2='?' (DbType = DateTime)], CommandType='"Text"', CommandTimeout='30']
UPDATE "Users" SET "LastUpdatedAt" = @p0, "RefreshToken" = @p1, "RefreshTokenExpiresAt" = @p2
WHERE "Id" = @p3;
2026-09-08 00:28:23.361 +01:00 [INF] Login successful : Khayceejones@gmail.com
2026-09-08 00:28:23.361 +01:00 [INF] Executing OkObjectResult, writing value of type 'DevLog.Shared.Responses.ApiResponse`1[[DevLog.Application.DTOs.LoginDto, DevLog.Application, Version=1.0.0.0, Culture=neutral, PublicKeyToken=null]]'.
2026-09-08 00:28:23.362 +01:00 [INF] Executed action Devlog.Api.Controllers.AuthController.Login (Devlog.Api) in 409.6042ms
2026-09-08 00:28:23.362 +01:00 [INF] Executed endpoint 'Devlog.Api.Controllers.AuthController.Login (Devlog.Api)'
2026-09-08 00:28:23.363 +01:00 [INF] Request finished HTTP/1.1 POST http://localhost:5043/api/v1/auth/login - 200 null application/json; charset=utf-8 411.4505ms
2026-09-08 00:29:07.069 +01:00 [INF] Request starting HTTP/1.1 GET http://localhost:5043/swagger/index.html - null null
2026-09-08 00:29:07.071 +01:00 [INF] Request finished HTTP/1.1 GET http://localhost:5043/swagger/index.html - 200 null text/html;charset=utf-8 2.0827ms
2026-09-08 00:29:08.991 +01:00 [INF] Request starting HTTP/1.1 GET http://localhost:5043/swagger/index.js - null null
2026-09-08 00:29:08.992 +01:00 [INF] Request finished HTTP/1.1 GET http://localhost:5043/swagger/index.js - 200 null application/javascript;charset=utf-8 0.8873ms
2026-09-08 00:29:09.030 +01:00 [INF] Request starting HTTP/1.1 GET http://localhost:5043/_framework/aspnetcore-browser-refresh.js - null null
2026-09-08 00:29:09.030 +01:00 [INF] Request finished HTTP/1.1 GET http://localhost:5043/_framework/aspnetcore-browser-refresh.js - 200 16481 application/javascript; charset=utf-8 0.2756ms
2026-09-08 00:29:13.405 +01:00 [INF] Request starting HTTP/1.1 GET http://localhost:5043/swagger/v1/swagger.json - null null
2026-09-08 00:29:13.423 +01:00 [INF] Request finished HTTP/1.1 GET http://localhost:5043/swagger/v1/swagger.json - 200 null application/json;charset=utf-8 17.9503ms
2026-09-08 00:29:34.167 +01:00 [INF] Request starting HTTP/1.1 GET http://localhost:5043/swagger/index.html - null null
2026-09-08 00:29:34.168 +01:00 [INF] Request finished HTTP/1.1 GET http://localhost:5043/swagger/index.html - 200 null text/html;charset=utf-8 6.3042ms
2026-09-08 00:29:34.872 +01:00 [INF] Request starting HTTP/1.1 GET http://localhost:5043/swagger/index.js - null null
2026-09-08 00:29:34.873 +01:00 [INF] Request finished HTTP/1.1 GET http://localhost:5043/swagger/index.js - 200 null application/javascript;charset=utf-8 0.6027ms
2026-09-08 00:29:34.901 +01:00 [INF] Request starting HTTP/1.1 GET http://localhost:5043/_framework/aspnetcore-browser-refresh.js - null null
2026-09-08 00:29:34.901 +01:00 [INF] Request finished HTTP/1.1 GET http://localhost:5043/_framework/aspnetcore-browser-refresh.js - 200 16481 application/javascript; charset=utf-8 0.2396ms
2026-09-08 00:29:35.317 +01:00 [INF] Request starting HTTP/1.1 GET http://localhost:5043/swagger/v1/swagger.json - null null
2026-09-08 00:29:35.325 +01:00 [INF] Request finished HTTP/1.1 GET http://localhost:5043/swagger/v1/swagger.json - 200 null application/json;charset=utf-8 8.3995ms
2026-09-08 00:30:52.469 +01:00 [INF] Request starting HTTP/1.1 GET http://localhost:5043/swagger/index.html - null null
2026-09-08 00:30:52.475 +01:00 [INF] Request finished HTTP/1.1 GET http://localhost:5043/swagger/index.html - 200 null text/html;charset=utf-8 5.9925ms
2026-09-08 00:30:52.610 +01:00 [INF] Request starting HTTP/1.1 GET http://localhost:5043/_framework/aspnetcore-browser-refresh.js - null null
2026-09-08 00:30:52.614 +01:00 [INF] Request finished HTTP/1.1 GET http://localhost:5043/_framework/aspnetcore-browser-refresh.js - 200 16481 application/javascript; charset=utf-8 4.493ms
2026-09-08 00:30:52.616 +01:00 [INF] Request starting HTTP/1.1 GET http://localhost:5043/swagger/index.js - null null
2026-09-08 00:30:52.617 +01:00 [INF] Request finished HTTP/1.1 GET http://localhost:5043/swagger/index.js - 200 null application/javascript;charset=utf-8 0.6904ms
2026-09-08 00:30:58.424 +01:00 [INF] Request starting HTTP/1.1 GET http://localhost:5043/swagger/v1/swagger.json - null null
2026-09-08 00:30:58.436 +01:00 [INF] Request finished HTTP/1.1 GET http://localhost:5043/swagger/v1/swagger.json - 200 null application/json;charset=utf-8 12.2895ms
2026-09-08 00:31:52.272 +01:00 [INF] Request starting HTTP/1.1 GET http://localhost:5043/swagger/index.html - null null
2026-09-08 00:31:52.275 +01:00 [INF] Request finished HTTP/1.1 GET http://localhost:5043/swagger/index.html - 200 null text/html;charset=utf-8 2.9818ms
2026-09-08 00:31:52.387 +01:00 [INF] Request starting HTTP/1.1 GET http://localhost:5043/_framework/aspnetcore-browser-refresh.js - null null
2026-09-08 00:31:52.387 +01:00 [INF] Request finished HTTP/1.1 GET http://localhost:5043/_framework/aspnetcore-browser-refresh.js - 200 16481 application/javascript; charset=utf-8 0.2661ms
2026-09-08 00:31:52.388 +01:00 [INF] Request starting HTTP/1.1 GET http://localhost:5043/swagger/index.js - null null
2026-09-08 00:31:52.389 +01:00 [INF] Request finished HTTP/1.1 GET http://localhost:5043/swagger/index.js - 200 null application/javascript;charset=utf-8 1.212ms
2026-09-08 00:31:53.024 +01:00 [INF] Request starting HTTP/1.1 GET http://localhost:5043/swagger/v1/swagger.json - null null
2026-09-08 00:31:53.068 +01:00 [INF] Request finished HTTP/1.1 GET http://localhost:5043/swagger/v1/swagger.json - 200 null application/json;charset=utf-8 44.2592ms
2026-09-08 00:32:37.540 +01:00 [INF] Request starting HTTP/1.1 POST http://localhost:5043/api/v1/auth/login - application/json 90
2026-09-08 00:32:37.540 +01:00 [INF] Executing endpoint 'Devlog.Api.Controllers.AuthController.Login (Devlog.Api)'
2026-09-08 00:32:37.580 +01:00 [INF] Route matched with {action = "Login", controller = "Auth"}. Executing controller action with signature System.Threading.Tasks.Task`1[Microsoft.AspNetCore.Mvc.IActionResult] Login(DevLog.Application.Features.Auth.Commands.LoginUser.LoginUserCommand, System.Threading.CancellationToken) on controller Devlog.Api.Controllers.AuthController (Devlog.Api).
2026-09-08 00:32:37.600 +01:00 [INF] Executed DbCommand (2ms) [Parameters=[@__email_0='?'], CommandType='"Text"', CommandTimeout='30']
SELECT u."Id", u."CreatedAt", u."Email", u."IsDisabled", u."LastUpdatedAt", u."Name", u."PasswordHash", u."RefreshToken", u."RefreshTokenExpiresAt"
FROM "Users" AS u
WHERE u."Email" = @__email_0
LIMIT 1
2026-09-08 00:32:37.819 +01:00 [INF] Executed DbCommand (1ms) [Parameters=[@p3='?' (DbType = Guid), @p0='?' (DbType = DateTime), @p1='?', @p2='?' (DbType = DateTime)], CommandType='"Text"', CommandTimeout='30']
UPDATE "Users" SET "LastUpdatedAt" = @p0, "RefreshToken" = @p1, "RefreshTokenExpiresAt" = @p2
WHERE "Id" = @p3;
2026-09-08 00:32:37.819 +01:00 [INF] Login successful : khayceejones@gmail.com
2026-09-08 00:32:37.820 +01:00 [INF] Executing OkObjectResult, writing value of type 'DevLog.Shared.Responses.ApiResponse`1[[DevLog.Application.DTOs.LoginDto, DevLog.Application, Version=1.0.0.0, Culture=neutral, PublicKeyToken=null]]'.
2026-09-08 00:32:37.824 +01:00 [INF] Executed action Devlog.Api.Controllers.AuthController.Login (Devlog.Api) in 244.1668ms
2026-09-08 00:32:37.824 +01:00 [INF] Executed endpoint 'Devlog.Api.Controllers.AuthController.Login (Devlog.Api)'
2026-09-08 00:32:37.825 +01:00 [INF] Request finished HTTP/1.1 POST http://localhost:5043/api/v1/auth/login - 200 null application/json; charset=utf-8 284.8541ms
2026-09-08 00:32:47.330 +01:00 [INF] Request starting HTTP/1.1 POST http://localhost:5043/api/v1/auth/login - application/json 90
2026-09-08 00:32:47.333 +01:00 [INF] Executing endpoint 'Devlog.Api.Controllers.AuthController.Login (Devlog.Api)'
2026-09-08 00:32:47.333 +01:00 [INF] Route matched with {action = "Login", controller = "Auth"}. Executing controller action with signature System.Threading.Tasks.Task`1[Microsoft.AspNetCore.Mvc.IActionResult] Login(DevLog.Application.Features.Auth.Commands.LoginUser.LoginUserCommand, System.Threading.CancellationToken) on controller Devlog.Api.Controllers.AuthController (Devlog.Api).
2026-09-08 00:32:47.339 +01:00 [INF] Executed DbCommand (2ms) [Parameters=[@__email_0='?'], CommandType='"Text"', CommandTimeout='30']
SELECT u."Id", u."CreatedAt", u."Email", u."IsDisabled", u."LastUpdatedAt", u."Name", u."PasswordHash", u."RefreshToken", u."RefreshTokenExpiresAt"
FROM "Users" AS u
WHERE u."Email" = @__email_0
LIMIT 1
2026-09-08 00:32:47.569 +01:00 [WRN] login Failed - Invalid password for user :khayceejones@gmail.com
2026-09-08 00:32:47.573 +01:00 [INF] Executed DbCommand (2ms) [Parameters=[@p3='?' (DbType = Guid), @p0='?' (DbType = DateTime), @p1='?', @p2='?' (DbType = DateTime)], CommandType='"Text"', CommandTimeout='30']
UPDATE "Users" SET "LastUpdatedAt" = @p0, "RefreshToken" = @p1, "RefreshTokenExpiresAt" = @p2
WHERE "Id" = @p3;
2026-09-08 00:32:47.573 +01:00 [INF] Login successful : khayceejones@gmail.com
2026-09-08 00:32:47.573 +01:00 [INF] Executing OkObjectResult, writing value of type 'DevLog.Shared.Responses.ApiResponse`1[[DevLog.Application.DTOs.LoginDto, DevLog.Application, Version=1.0.0.0, Culture=neutral, PublicKeyToken=null]]'.
2026-09-08 00:32:47.574 +01:00 [INF] Executed action Devlog.Api.Controllers.AuthController.Login (Devlog.Api) in 239.9373ms
2026-09-08 00:32:47.574 +01:00 [INF] Executed endpoint 'Devlog.Api.Controllers.AuthController.Login (Devlog.Api)'
2026-09-08 00:32:47.575 +01:00 [INF] Request finished HTTP/1.1 POST http://localhost:5043/api/v1/auth/login - 200 null application/json; charset=utf-8 244.2625ms
2026-09-08 00:33:04.963 +01:00 [INF] Request starting HTTP/1.1 POST http://localhost:5043/api/v1/auth/login - application/json 90
2026-09-08 00:33:05.011 +01:00 [INF] Request finished HTTP/1.1 POST http://localhost:5043/api/v1/auth/login - 429 null application/json 47.3431ms
2026-09-08 00:33:22.246 +01:00 [INF] Application is shutting down...
2026-09-08 00:35:18.353 +01:00 [INF] User profile is available. Using 'C:\Users\egemb\AppData\Local\ASP.NET\DataProtection-Keys' as key repository and Windows DPAPI to encrypt keys at rest.
2026-09-08 00:35:18.616 +01:00 [INF] Now listening on: http://localhost:5043
2026-09-08 00:35:18.619 +01:00 [INF] Application started. Press Ctrl+C to shut down.
2026-09-08 00:35:18.619 +01:00 [INF] Hosting environment: Development
2026-09-08 00:35:18.619 +01:00 [INF] Content root path: C:\Users\egemb\DevLog\src\DevLog.Api
2026-09-08 00:35:20.946 +01:00 [INF] Application is shutting down...
2026-09-08 00:35:26.503 +01:00 [INF] User profile is available. Using 'C:\Users\egemb\AppData\Local\ASP.NET\DataProtection-Keys' as key repository and Windows DPAPI to encrypt keys at rest.
2026-09-08 00:35:26.765 +01:00 [INF] Now listening on: http://localhost:5043
2026-09-08 00:35:26.767 +01:00 [INF] Application started. Press Ctrl+C to shut down.
2026-09-08 00:35:26.767 +01:00 [INF] Hosting environment: Development
2026-09-08 00:35:26.767 +01:00 [INF] Content root path: C:\Users\egemb\DevLog\src\DevLog.Api
2026-09-08 00:36:26.686 +01:00 [INF] Request starting HTTP/1.1 GET http://localhost:5043/swagger/index.html - null null
2026-09-08 00:36:26.897 +01:00 [INF] Request finished HTTP/1.1 GET http://localhost:5043/swagger/index.html - 200 null text/html;charset=utf-8 213.949ms
2026-09-08 00:36:26.961 +01:00 [INF] Request starting HTTP/1.1 GET http://localhost:5043/_framework/aspnetcore-browser-refresh.js - null null
2026-09-08 00:36:26.961 +01:00 [INF] Request starting HTTP/1.1 GET http://localhost:5043/swagger/index.js - null null
2026-09-08 00:36:26.965 +01:00 [INF] Request finished HTTP/1.1 GET http://localhost:5043/_framework/aspnetcore-browser-refresh.js - 200 16481 application/javascript; charset=utf-8 5.2415ms
2026-09-08 00:36:26.971 +01:00 [INF] Request finished HTTP/1.1 GET http://localhost:5043/swagger/index.js - 200 null application/javascript;charset=utf-8 11.1447ms
2026-09-08 00:36:28.890 +01:00 [INF] Request starting HTTP/1.1 GET http://localhost:5043/swagger/v1/swagger.json - null null
2026-09-08 00:36:29.257 +01:00 [INF] Request finished HTTP/1.1 GET http://localhost:5043/swagger/v1/swagger.json - 200 null application/json;charset=utf-8 366.5091ms
2026-09-08 00:37:08.306 +01:00 [INF] Request starting HTTP/1.1 POST http://localhost:5043/api/v1/auth/login - application/json 90
2026-09-08 00:37:08.321 +01:00 [WRN] Failed to determine the https port for redirect.
2026-09-08 00:37:08.403 +01:00 [INF] Executing endpoint 'Devlog.Api.Controllers.AuthController.Login (Devlog.Api)'
2026-09-08 00:37:08.460 +01:00 [INF] Route matched with {action = "Login", controller = "Auth"}. Executing controller action with signature System.Threading.Tasks.Task`1[Microsoft.AspNetCore.Mvc.IActionResult] Login(DevLog.Application.Features.Auth.Commands.LoginUser.LoginUserCommand, System.Threading.CancellationToken) on controller Devlog.Api.Controllers.AuthController (Devlog.Api).
2026-09-08 00:37:08.471 +01:00 [WRN] You do not have a valid license key for the Lucky Penny software MediatR. This is allowed for development and testing scenarios. If you are running in production you are required to have a licensed version. Please visit https://luckypennysoftware.com to obtain a valid license.
2026-09-08 00:37:10.543 +01:00 [INF] Executed DbCommand (59ms) [Parameters=[@__email_0='?'], CommandType='"Text"', CommandTimeout='30']
SELECT u."Id", u."CreatedAt", u."Email", u."IsDisabled", u."LastUpdatedAt", u."Name", u."PasswordHash", u."RefreshToken", u."RefreshTokenExpiresAt"
FROM "Users" AS u
WHERE u."Email" = @__email_0
LIMIT 1
2026-09-08 00:37:11.070 +01:00 [WRN] login Failed - Invalid password for user :khayceejones@gmail.com
2026-09-08 00:37:11.082 +01:00 [INF] Executing UnauthorizedObjectResult, writing value of type 'DevLog.Shared.Responses.ApiResponse`1[[DevLog.Application.DTOs.LoginDto, DevLog.Application, Version=1.0.0.0, Culture=neutral, PublicKeyToken=null]]'.
2026-09-08 00:37:11.127 +01:00 [INF] Executed action Devlog.Api.Controllers.AuthController.Login (Devlog.Api) in 2663.3744ms
2026-09-08 00:37:11.128 +01:00 [INF] Executed endpoint 'Devlog.Api.Controllers.AuthController.Login (Devlog.Api)'
2026-09-08 00:37:11.137 +01:00 [INF] Request finished HTTP/1.1 POST http://localhost:5043/api/v1/auth/login - 401 null application/json; charset=utf-8 2831.7662ms
2026-09-08 00:37:21.868 +01:00 [INF] Request starting HTTP/1.1 POST http://localhost:5043/api/v1/auth/login - application/json 90
2026-09-08 00:37:21.915 +01:00 [INF] Executing endpoint 'Devlog.Api.Controllers.AuthController.Login (Devlog.Api)'
2026-09-08 00:37:21.916 +01:00 [INF] Route matched with {action = "Login", controller = "Auth"}. Executing controller action with signature System.Threading.Tasks.Task`1[Microsoft.AspNetCore.Mvc.IActionResult] Login(DevLog.Application.Features.Auth.Commands.LoginUser.LoginUserCommand, System.Threading.CancellationToken) on controller Devlog.Api.Controllers.AuthController (Devlog.Api).
2026-09-08 00:37:21.998 +01:00 [INF] Executed DbCommand (2ms) [Parameters=[@__email_0='?'], CommandType='"Text"', CommandTimeout='30']
SELECT u."Id", u."CreatedAt", u."Email", u."IsDisabled", u."LastUpdatedAt", u."Name", u."PasswordHash", u."RefreshToken", u."RefreshTokenExpiresAt"
FROM "Users" AS u
WHERE u."Email" = @__email_0
LIMIT 1
2026-09-08 00:37:22.579 +01:00 [INF] Executed DbCommand (8ms) [Parameters=[@p3='?' (DbType = Guid), @p0='?' (DbType = DateTime), @p1='?', @p2='?' (DbType = DateTime)], CommandType='"Text"', CommandTimeout='30']
UPDATE "Users" SET "LastUpdatedAt" = @p0, "RefreshToken" = @p1, "RefreshTokenExpiresAt" = @p2
WHERE "Id" = @p3;
2026-09-08 00:37:22.586 +01:00 [INF] Login successful : khayceejones@gmail.com
2026-09-08 00:37:22.590 +01:00 [INF] Executing OkObjectResult, writing value of type 'DevLog.Shared.Responses.ApiResponse`1[[DevLog.Application.DTOs.LoginDto, DevLog.Application, Version=1.0.0.0, Culture=neutral, PublicKeyToken=null]]'.
2026-09-08 00:37:22.595 +01:00 [INF] Executed action Devlog.Api.Controllers.AuthController.Login (Devlog.Api) in 678.8005ms
2026-09-08 00:37:22.595 +01:00 [INF] Executed endpoint 'Devlog.Api.Controllers.AuthController.Login (Devlog.Api)'
2026-09-08 00:37:22.597 +01:00 [INF] Request finished HTTP/1.1 POST http://localhost:5043/api/v1/auth/login - 200 null application/json; charset=utf-8 728.874ms
2026-09-08 00:37:35.192 +01:00 [INF] Request starting HTTP/1.1 POST http://localhost:5043/api/v1/auth/login - application/json 92
2026-09-08 00:37:35.202 +01:00 [INF] Executing endpoint 'Devlog.Api.Controllers.AuthController.Login (Devlog.Api)'
2026-09-08 00:37:35.202 +01:00 [INF] Route matched with {action = "Login", controller = "Auth"}. Executing controller action with signature System.Threading.Tasks.Task`1[Microsoft.AspNetCore.Mvc.IActionResult] Login(DevLog.Application.Features.Auth.Commands.LoginUser.LoginUserCommand, System.Threading.CancellationToken) on controller Devlog.Api.Controllers.AuthController (Devlog.Api).
2026-09-08 00:37:35.312 +01:00 [INF] Executed DbCommand (1ms) [Parameters=[@__email_0='?'], CommandType='"Text"', CommandTimeout='30']
SELECT u."Id", u."CreatedAt", u."Email", u."IsDisabled", u."LastUpdatedAt", u."Name", u."PasswordHash", u."RefreshToken", u."RefreshTokenExpiresAt"
FROM "Users" AS u
WHERE u."Email" = @__email_0
LIMIT 1
2026-09-08 00:37:35.571 +01:00 [WRN] login Failed - Invalid password for user :khayceejones@gmail.com
2026-09-08 00:37:35.571 +01:00 [INF] Executing UnauthorizedObjectResult, writing value of type 'DevLog.Shared.Responses.ApiResponse`1[[DevLog.Application.DTOs.LoginDto, DevLog.Application, Version=1.0.0.0, Culture=neutral, PublicKeyToken=null]]'.
2026-09-08 00:37:35.571 +01:00 [INF] Executed action Devlog.Api.Controllers.AuthController.Login (Devlog.Api) in 368.916ms
2026-09-08 00:37:35.572 +01:00 [INF] Executed endpoint 'Devlog.Api.Controllers.AuthController.Login (Devlog.Api)'
2026-09-08 00:37:35.572 +01:00 [INF] Request finished HTTP/1.1 POST http://localhost:5043/api/v1/auth/login - 401 null application/json; charset=utf-8 380.0718ms
2026-09-08 00:37:43.382 +01:00 [INF] Request starting HTTP/1.1 POST http://localhost:5043/api/v1/auth/login - application/json 90
2026-09-08 00:37:43.382 +01:00 [INF] Executing endpoint 'Devlog.Api.Controllers.AuthController.Login (Devlog.Api)'
2026-09-08 00:37:43.382 +01:00 [INF] Route matched with {action = "Login", controller = "Auth"}. Executing controller action with signature System.Threading.Tasks.Task`1[Microsoft.AspNetCore.Mvc.IActionResult] Login(DevLog.Application.Features.Auth.Commands.LoginUser.LoginUserCommand, System.Threading.CancellationToken) on controller Devlog.Api.Controllers.AuthController (Devlog.Api).
2026-09-08 00:37:43.389 +01:00 [INF] Executed DbCommand (1ms) [Parameters=[@__email_0='?'], CommandType='"Text"', CommandTimeout='30']
SELECT u."Id", u."CreatedAt", u."Email", u."IsDisabled", u."LastUpdatedAt", u."Name", u."PasswordHash", u."RefreshToken", u."RefreshTokenExpiresAt"
FROM "Users" AS u
WHERE u."Email" = @__email_0
LIMIT 1
2026-09-08 00:37:43.605 +01:00 [INF] Executed DbCommand (2ms) [Parameters=[@p3='?' (DbType = Guid), @p0='?' (DbType = DateTime), @p1='?', @p2='?' (DbType = DateTime)], CommandType='"Text"', CommandTimeout='30']
UPDATE "Users" SET "LastUpdatedAt" = @p0, "RefreshToken" = @p1, "RefreshTokenExpiresAt" = @p2
WHERE "Id" = @p3;
2026-09-08 00:37:43.606 +01:00 [INF] Login successful : khayceejones@gmail.com
2026-09-08 00:37:43.606 +01:00 [INF] Executing OkObjectResult, writing value of type 'DevLog.Shared.Responses.ApiResponse`1[[DevLog.Application.DTOs.LoginDto, DevLog.Application, Version=1.0.0.0, Culture=neutral, PublicKeyToken=null]]'.
2026-09-08 00:37:43.606 +01:00 [INF] Executed action Devlog.Api.Controllers.AuthController.Login (Devlog.Api) in 223.8747ms
2026-09-08 00:37:43.606 +01:00 [INF] Executed endpoint 'Devlog.Api.Controllers.AuthController.Login (Devlog.Api)'
2026-09-08 00:37:43.607 +01:00 [INF] Request finished HTTP/1.1 POST http://localhost:5043/api/v1/auth/login - 200 null application/json; charset=utf-8 225.2503ms
2026-09-08 00:42:56.479 +01:00 [INF] Request starting HTTP/1.1 GET http://localhost:5043/api/v1/auth/me - null null
2026-09-08 00:42:56.589 +01:00 [INF] Executing endpoint 'Devlog.Api.Controllers.AuthController.GetUserInfo (Devlog.Api)'
2026-09-08 00:42:56.597 +01:00 [INF] Route matched with {action = "GetUserInfo", controller = "Auth"}. Executing controller action with signature System.Threading.Tasks.Task`1[Microsoft.AspNetCore.Mvc.IActionResult] GetUserInfo(System.Threading.CancellationToken) on controller Devlog.Api.Controllers.AuthController (Devlog.Api).
2026-09-08 00:42:56.782 +01:00 [INF] Executed DbCommand (6ms) [Parameters=[@__id_0='?' (DbType = Guid)], CommandType='"Text"', CommandTimeout='30']
SELECT u."Id", u."CreatedAt", u."Email", u."IsDisabled", u."LastUpdatedAt", u."Name", u."PasswordHash", u."RefreshToken", u."RefreshTokenExpiresAt"
FROM "Users" AS u
WHERE u."Id" = @__id_0
LIMIT 1
2026-09-08 00:42:56.783 +01:00 [INF] Executing OkObjectResult, writing value of type 'DevLog.Shared.Responses.ApiResponse`1[[DevLog.Application.DTOs.UserDto, DevLog.Application, Version=1.0.0.0, Culture=neutral, PublicKeyToken=null]]'.
2026-09-08 00:42:56.785 +01:00 [INF] Executed action Devlog.Api.Controllers.AuthController.GetUserInfo (Devlog.Api) in 187.3638ms
2026-09-08 00:42:56.785 +01:00 [INF] Executed endpoint 'Devlog.Api.Controllers.AuthController.GetUserInfo (Devlog.Api)'
2026-09-08 00:42:56.786 +01:00 [INF] Request finished HTTP/1.1 GET http://localhost:5043/api/v1/auth/me - 200 null application/json; charset=utf-8 306.2757ms
2026-09-08 00:44:18.627 +01:00 [INF] Request starting HTTP/1.1 GET http://localhost:5043/api/v1/logs?page=1&pageSize=50 - null null
2026-09-08 00:44:18.630 +01:00 [INF] Executing endpoint 'DevLog.Api.Controllers.LogController.GetAllLogsAsync (Devlog.Api)'
2026-09-08 00:44:18.650 +01:00 [INF] Route matched with {action = "GetAllLogs", controller = "Log"}. Executing controller action with signature System.Threading.Tasks.Task`1[Microsoft.AspNetCore.Mvc.IActionResult] GetAllLogsAsync(Int32, Int32, System.Collections.Generic.List`1[System.Guid], System.Threading.CancellationToken) on controller DevLog.Api.Controllers.LogController (Devlog.Api).
2026-09-08 00:44:18.885 +01:00 [INF] Executed DbCommand (24ms) [Parameters=[@__UserId_0='?' (DbType = Guid)], CommandType='"Text"', CommandTimeout='30']
SELECT count(*)::int
FROM "Logs" AS l
WHERE l."UserId" = @__UserId_0
2026-09-08 00:44:19.040 +01:00 [INF] Executed DbCommand (15ms) [Parameters=[@__UserId_0='?' (DbType = Guid), @__p_2='?' (DbType = Int32), @__p_1='?' (DbType = Int32)], CommandType='"Text"', CommandTimeout='30']
SELECT l1."Id", l1."Category", l1."CreatedAt", l1."Description", l1."LastUpdatedAt", l1."Title", l1."UserId", s."LogId", s."TagId", s."Id", s."CreatedAt", s."Description", s."IsCustom", s."Name", s."UpdatedAt"
FROM (
    SELECT l."Id", l."Category", l."CreatedAt", l."Description", l."LastUpdatedAt", l."Title", l."UserId"
    FROM "Logs" AS l
    WHERE l."UserId" = @__UserId_0
    ORDER BY l."CreatedAt" DESC
    LIMIT @__p_2 OFFSET @__p_1
) AS l1
LEFT JOIN (
    SELECT l0."LogId", l0."TagId", t."Id", t."CreatedAt", t."Description", t."IsCustom", t."Name", t."UpdatedAt"
    FROM "LogTags" AS l0
    INNER JOIN "Tags" AS t ON l0."TagId" = t."Id"
) AS s ON l1."Id" = s."LogId"
ORDER BY l1."CreatedAt" DESC, l1."Id", s."LogId", s."TagId"
2026-09-08 00:44:19.099 +01:00 [INF] Executing OkObjectResult, writing value of type 'DevLog.Shared.Responses.ApiResponse`1[[DevLog.Shared.Responses.PaginatedResponse`1[[DevLog.Application.DTOs.LogDto, DevLog.Application, Version=1.0.0.0, Culture=neutral, PublicKeyToken=null]], DevLog.Shared, Version=1.0.0.0, Culture=neutral, PublicKeyToken=null]]'.
2026-09-08 00:44:19.111 +01:00 [INF] Executed action DevLog.Api.Controllers.LogController.GetAllLogsAsync (Devlog.Api) in 460.0258ms
2026-09-08 00:44:19.111 +01:00 [INF] Executed endpoint 'DevLog.Api.Controllers.LogController.GetAllLogsAsync (Devlog.Api)'
2026-09-08 00:44:19.111 +01:00 [INF] Request finished HTTP/1.1 GET http://localhost:5043/api/v1/logs?page=1&pageSize=50 - 200 null application/json; charset=utf-8 484.2399ms
2026-09-08 01:12:55.061 +01:00 [INF] Application is shutting down...
