2026-08-24 12:44:25.763 +01:00 [INF] User profile is available. Using 'C:\Users\egemb\AppData\Local\ASP.NET\DataProtection-Keys' as key repository and Windows DPAPI to encrypt keys at rest.
2026-08-24 12:44:26.092 +01:00 [INF] Now listening on: http://localhost:5043
2026-08-24 12:44:26.094 +01:00 [INF] Application started. Press Ctrl+C to shut down.
2026-08-24 12:44:26.095 +01:00 [INF] Hosting environment: Development
2026-08-24 12:44:26.095 +01:00 [INF] Content root path: C:\Users\egemb\DevLog\src\DevLog.Api
2026-08-24 12:44:26.852 +01:00 [INF] Request starting HTTP/1.1 GET http://localhost:5043/ - null null
2026-08-24 12:44:27.166 +01:00 [WRN] Failed to determine the https port for redirect.
2026-08-24 12:44:27.739 +01:00 [INF] Request finished HTTP/1.1 GET http://localhost:5043/ - 404 null null 900.7735ms
2026-08-24 12:44:28.032 +01:00 [INF] Request reached the end of the middleware pipeline without being handled by application code. Request path: GET http://localhost:5043/, Response status code: 404
2026-08-24 12:44:30.363 +01:00 [INF] Request starting HTTP/1.1 GET http://localhost:5043/swagger/index.html - null null
2026-08-24 12:44:31.131 +01:00 [INF] Request finished HTTP/1.1 GET http://localhost:5043/swagger/index.html - 200 null text/html;charset=utf-8 772.3999ms
2026-08-24 12:44:31.150 +01:00 [INF] Request starting HTTP/1.1 GET http://localhost:5043/_framework/aspnetcore-browser-refresh.js - null null
2026-08-24 12:44:31.160 +01:00 [INF] Request starting HTTP/1.1 GET http://localhost:5043/swagger/index.js - null null
2026-08-24 12:44:31.196 +01:00 [INF] Request finished HTTP/1.1 GET http://localhost:5043/swagger/index.js - 200 null application/javascript;charset=utf-8 35.6991ms
2026-08-24 12:44:31.337 +01:00 [INF] Request finished HTTP/1.1 GET http://localhost:5043/_framework/aspnetcore-browser-refresh.js - 200 16481 application/javascript; charset=utf-8 187.2448ms
2026-08-24 12:44:34.920 +01:00 [INF] Request starting HTTP/1.1 GET http://localhost:5043/swagger/v1/swagger.json - null null
2026-08-24 12:44:36.046 +01:00 [INF] Request finished HTTP/1.1 GET http://localhost:5043/swagger/v1/swagger.json - 200 null application/json;charset=utf-8 1126.3526ms
2026-08-24 12:45:25.101 +01:00 [INF] Request starting HTTP/1.1 POST http://localhost:5043/api/v1/auth/login - application/json 92
2026-08-24 12:45:25.203 +01:00 [INF] Executing endpoint 'Devlog.Api.Controllers.AuthController.Login (Devlog.Api)'
2026-08-24 12:45:25.255 +01:00 [INF] Route matched with {action = "Login", controller = "Auth"}. Executing controller action with signature System.Threading.Tasks.Task`1[Microsoft.AspNetCore.Mvc.IActionResult] Login(DevLog.Application.Features.Auth.Commands.LoginUser.LoginUserCommand, System.Threading.CancellationToken) on controller Devlog.Api.Controllers.AuthController (Devlog.Api).
2026-08-24 12:45:25.272 +01:00 [WRN] You do not have a valid license key for the Lucky Penny software MediatR. This is allowed for development and testing scenarios. If you are running in production you are required to have a licensed version. Please visit https://luckypennysoftware.com to obtain a valid license.
2026-08-24 12:45:28.806 +01:00 [INF] Executed DbCommand (142ms) [Parameters=[@__email_0='?'], CommandType='"Text"', CommandTimeout='30']
SELECT u."Id", u."CreatedAt", u."Email", u."IsDisabled", u."LastUpdatedAt", u."Name", u."PasswordHash", u."RefreshToken", u."RefreshTokenExpiresAt"
FROM "Users" AS u
WHERE u."Email" = @__email_0
LIMIT 1
2026-08-24 12:45:29.730 +01:00 [INF] Executed DbCommand (16ms) [Parameters=[@p3='?' (DbType = Guid), @p0='?' (DbType = DateTime), @p1='?', @p2='?' (DbType = DateTime)], CommandType='"Text"', CommandTimeout='30']
UPDATE "Users" SET "LastUpdatedAt" = @p0, "RefreshToken" = @p1, "RefreshTokenExpiresAt" = @p2
WHERE "Id" = @p3;
2026-08-24 12:45:29.739 +01:00 [INF] Login successful : khayceejones@gmail.com
2026-08-24 12:45:29.755 +01:00 [INF] Executing OkObjectResult, writing value of type 'DevLog.Shared.Responses.ApiResponse`1[[DevLog.Application.DTOs.LoginDto, DevLog.Application, Version=1.0.0.0, Culture=neutral, PublicKeyToken=null]]'.
2026-08-24 12:45:29.823 +01:00 [INF] Executed action Devlog.Api.Controllers.AuthController.Login (Devlog.Api) in 4551.5947ms
2026-08-24 12:45:29.824 +01:00 [INF] Executed endpoint 'Devlog.Api.Controllers.AuthController.Login (Devlog.Api)'
2026-08-24 12:45:29.989 +01:00 [INF] Request finished HTTP/1.1 POST http://localhost:5043/api/v1/auth/login - 200 null application/json; charset=utf-8 4857.2878ms
2026-08-24 12:45:34.151 +01:00 [INF] Request starting HTTP/1.1 POST http://localhost:5043/api/v1/auth/login - application/json 92
2026-08-24 12:45:34.177 +01:00 [INF] Executing endpoint 'Devlog.Api.Controllers.AuthController.Login (Devlog.Api)'
2026-08-24 12:45:34.179 +01:00 [INF] Route matched with {action = "Login", controller = "Auth"}. Executing controller action with signature System.Threading.Tasks.Task`1[Microsoft.AspNetCore.Mvc.IActionResult] Login(DevLog.Application.Features.Auth.Commands.LoginUser.LoginUserCommand, System.Threading.CancellationToken) on controller Devlog.Api.Controllers.AuthController (Devlog.Api).
2026-08-24 12:45:34.273 +01:00 [INF] Executed DbCommand (3ms) [Parameters=[@__email_0='?'], CommandType='"Text"', CommandTimeout='30']
SELECT u."Id", u."CreatedAt", u."Email", u."IsDisabled", u."LastUpdatedAt", u."Name", u."PasswordHash", u."RefreshToken", u."RefreshTokenExpiresAt"
FROM "Users" AS u
WHERE u."Email" = @__email_0
LIMIT 1
2026-08-24 12:45:34.995 +01:00 [INF] Executed DbCommand (2ms) [Parameters=[@p3='?' (DbType = Guid), @p0='?' (DbType = DateTime), @p1='?', @p2='?' (DbType = DateTime)], CommandType='"Text"', CommandTimeout='30']
UPDATE "Users" SET "LastUpdatedAt" = @p0, "RefreshToken" = @p1, "RefreshTokenExpiresAt" = @p2
WHERE "Id" = @p3;
2026-08-24 12:45:34.996 +01:00 [INF] Login successful : khayceejones@gmail.com
2026-08-24 12:45:34.997 +01:00 [INF] Executing OkObjectResult, writing value of type 'DevLog.Shared.Responses.ApiResponse`1[[DevLog.Application.DTOs.LoginDto, DevLog.Application, Version=1.0.0.0, Culture=neutral, PublicKeyToken=null]]'.
2026-08-24 12:45:34.999 +01:00 [INF] Executed action Devlog.Api.Controllers.AuthController.Login (Devlog.Api) in 819.6317ms
2026-08-24 12:45:34.999 +01:00 [INF] Executed endpoint 'Devlog.Api.Controllers.AuthController.Login (Devlog.Api)'
2026-08-24 12:45:35.000 +01:00 [INF] Request finished HTTP/1.1 POST http://localhost:5043/api/v1/auth/login - 200 null application/json; charset=utf-8 848.7755ms
2026-08-24 12:45:36.147 +01:00 [INF] Request starting HTTP/1.1 POST http://localhost:5043/api/v1/auth/login - application/json 92
2026-08-24 12:45:36.149 +01:00 [INF] Executing endpoint 'Devlog.Api.Controllers.AuthController.Login (Devlog.Api)'
2026-08-24 12:45:36.149 +01:00 [INF] Route matched with {action = "Login", controller = "Auth"}. Executing controller action with signature System.Threading.Tasks.Task`1[Microsoft.AspNetCore.Mvc.IActionResult] Login(DevLog.Application.Features.Auth.Commands.LoginUser.LoginUserCommand, System.Threading.CancellationToken) on controller Devlog.Api.Controllers.AuthController (Devlog.Api).
2026-08-24 12:45:36.467 +01:00 [INF] Executed DbCommand (1ms) [Parameters=[@__email_0='?'], CommandType='"Text"', CommandTimeout='30']
SELECT u."Id", u."CreatedAt", u."Email", u."IsDisabled", u."LastUpdatedAt", u."Name", u."PasswordHash", u."RefreshToken", u."RefreshTokenExpiresAt"
FROM "Users" AS u
WHERE u."Email" = @__email_0
LIMIT 1
2026-08-24 12:45:36.802 +01:00 [INF] Executed DbCommand (1ms) [Parameters=[@p3='?' (DbType = Guid), @p0='?' (DbType = DateTime), @p1='?', @p2='?' (DbType = DateTime)], CommandType='"Text"', CommandTimeout='30']
UPDATE "Users" SET "LastUpdatedAt" = @p0, "RefreshToken" = @p1, "RefreshTokenExpiresAt" = @p2
WHERE "Id" = @p3;
2026-08-24 12:45:36.803 +01:00 [INF] Login successful : khayceejones@gmail.com
2026-08-24 12:45:36.803 +01:00 [INF] Executing OkObjectResult, writing value of type 'DevLog.Shared.Responses.ApiResponse`1[[DevLog.Application.DTOs.LoginDto, DevLog.Application, Version=1.0.0.0, Culture=neutral, PublicKeyToken=null]]'.
2026-08-24 12:45:36.804 +01:00 [INF] Executed action Devlog.Api.Controllers.AuthController.Login (Devlog.Api) in 654.0521ms
2026-08-24 12:45:36.804 +01:00 [INF] Executed endpoint 'Devlog.Api.Controllers.AuthController.Login (Devlog.Api)'
2026-08-24 12:45:36.804 +01:00 [INF] Request finished HTTP/1.1 POST http://localhost:5043/api/v1/auth/login - 200 null application/json; charset=utf-8 656.5806ms
2026-08-24 12:45:37.956 +01:00 [INF] Request starting HTTP/1.1 POST http://localhost:5043/api/v1/auth/login - application/json 92
2026-08-24 12:45:37.958 +01:00 [INF] Executing endpoint 'Devlog.Api.Controllers.AuthController.Login (Devlog.Api)'
2026-08-24 12:45:37.959 +01:00 [INF] Route matched with {action = "Login", controller = "Auth"}. Executing controller action with signature System.Threading.Tasks.Task`1[Microsoft.AspNetCore.Mvc.IActionResult] Login(DevLog.Application.Features.Auth.Commands.LoginUser.LoginUserCommand, System.Threading.CancellationToken) on controller Devlog.Api.Controllers.AuthController (Devlog.Api).
2026-08-24 12:45:37.970 +01:00 [INF] Executed DbCommand (2ms) [Parameters=[@__email_0='?'], CommandType='"Text"', CommandTimeout='30']
SELECT u."Id", u."CreatedAt", u."Email", u."IsDisabled", u."LastUpdatedAt", u."Name", u."PasswordHash", u."RefreshToken", u."RefreshTokenExpiresAt"
FROM "Users" AS u
WHERE u."Email" = @__email_0
LIMIT 1
2026-08-24 12:45:38.304 +01:00 [INF] Executed DbCommand (11ms) [Parameters=[@p3='?' (DbType = Guid), @p0='?' (DbType = DateTime), @p1='?', @p2='?' (DbType = DateTime)], CommandType='"Text"', CommandTimeout='30']
UPDATE "Users" SET "LastUpdatedAt" = @p0, "RefreshToken" = @p1, "RefreshTokenExpiresAt" = @p2
WHERE "Id" = @p3;
2026-08-24 12:45:38.304 +01:00 [INF] Login successful : khayceejones@gmail.com
2026-08-24 12:45:38.304 +01:00 [INF] Executing OkObjectResult, writing value of type 'DevLog.Shared.Responses.ApiResponse`1[[DevLog.Application.DTOs.LoginDto, DevLog.Application, Version=1.0.0.0, Culture=neutral, PublicKeyToken=null]]'.
2026-08-24 12:45:38.304 +01:00 [INF] Executed action Devlog.Api.Controllers.AuthController.Login (Devlog.Api) in 342.9314ms
2026-08-24 12:45:38.305 +01:00 [INF] Executed endpoint 'Devlog.Api.Controllers.AuthController.Login (Devlog.Api)'
2026-08-24 12:45:38.305 +01:00 [INF] Request finished HTTP/1.1 POST http://localhost:5043/api/v1/auth/login - 200 null application/json; charset=utf-8 348.2803ms
2026-08-24 12:45:39.538 +01:00 [INF] Request starting HTTP/1.1 POST http://localhost:5043/api/v1/auth/login - application/json 92
2026-08-24 12:45:39.544 +01:00 [INF] Executing endpoint 'Devlog.Api.Controllers.AuthController.Login (Devlog.Api)'
2026-08-24 12:45:39.545 +01:00 [INF] Route matched with {action = "Login", controller = "Auth"}. Executing controller action with signature System.Threading.Tasks.Task`1[Microsoft.AspNetCore.Mvc.IActionResult] Login(DevLog.Application.Features.Auth.Commands.LoginUser.LoginUserCommand, System.Threading.CancellationToken) on controller Devlog.Api.Controllers.AuthController (Devlog.Api).
2026-08-24 12:45:39.561 +01:00 [INF] Executed DbCommand (5ms) [Parameters=[@__email_0='?'], CommandType='"Text"', CommandTimeout='30']
SELECT u."Id", u."CreatedAt", u."Email", u."IsDisabled", u."LastUpdatedAt", u."Name", u."PasswordHash", u."RefreshToken", u."RefreshTokenExpiresAt"
FROM "Users" AS u
WHERE u."Email" = @__email_0
LIMIT 1
2026-08-24 12:45:39.928 +01:00 [INF] Executed DbCommand (1ms) [Parameters=[@p3='?' (DbType = Guid), @p0='?' (DbType = DateTime), @p1='?', @p2='?' (DbType = DateTime)], CommandType='"Text"', CommandTimeout='30']
UPDATE "Users" SET "LastUpdatedAt" = @p0, "RefreshToken" = @p1, "RefreshTokenExpiresAt" = @p2
WHERE "Id" = @p3;
2026-08-24 12:45:39.928 +01:00 [INF] Login successful : khayceejones@gmail.com
2026-08-24 12:45:39.929 +01:00 [INF] Executing OkObjectResult, writing value of type 'DevLog.Shared.Responses.ApiResponse`1[[DevLog.Application.DTOs.LoginDto, DevLog.Application, Version=1.0.0.0, Culture=neutral, PublicKeyToken=null]]'.
2026-08-24 12:45:39.929 +01:00 [INF] Executed action Devlog.Api.Controllers.AuthController.Login (Devlog.Api) in 384.1507ms
2026-08-24 12:45:39.929 +01:00 [INF] Executed endpoint 'Devlog.Api.Controllers.AuthController.Login (Devlog.Api)'
2026-08-24 12:45:39.929 +01:00 [INF] Request finished HTTP/1.1 POST http://localhost:5043/api/v1/auth/login - 200 null application/json; charset=utf-8 391.3865ms
2026-08-24 12:45:41.342 +01:00 [INF] Request starting HTTP/1.1 POST http://localhost:5043/api/v1/auth/login - application/json 92
2026-08-24 12:45:41.405 +01:00 [INF] Request finished HTTP/1.1 POST http://localhost:5043/api/v1/auth/login - 429 null application/json 63.1175ms
